// Jest Snapshot v1, https://goo.gl/fbAQLP

exports[`Player snapshot test 1`] = `
<div
  className="player-container"
  onClick={[Function]}
>
  <img
    alt="John Doe"
    height={300}
    src=""
    width={300}
  />
  <p
    className="name-text"
  >
    John
     
    Doe
  </p>
</div>
`;
