// Jest Snapshot v1, https://goo.gl/fbAQLP

exports[`Player snapshot test 1`] = `
<div
  className="player-container"
  onClick={[Function]}
>
  <img
    alt="John Doe"
    src=""
  />
  <p>
    John
     
    Doe
  </p>
</div>
`;
