// Jest Snapshot v1, https://goo.gl/fbAQLP

exports[`snapshot test 1`] = `
<h1>
  FPPG Guesser
</h1>
`;
